// Jest Snapshot v1, https://goo.gl/fbAQLP

exports[`<Button /> should match snapshot 1`] = `
<div
  className="button-container"
>
  <button
    disabled={false}
    onClick={[MockFunction]}
  >
    Load More Posts
  </button>
</div>
`;
